exports[`NotFound component should match snapshot 1`] = `
<div>
  Not Found
</div>
`;
