exports[`Home component should match snapshot 1`] = `
<div
  className="root">
  Yep, it works
</div>
`;
